
> security-app@0.1.0 build
> next build

Γû▓ Next.js 16.2.1 (Turbopack)

  Creating an optimized production build ...
node.exe : Turbopack build encountered 1 warnings:
At line:1 char:1
+ & "C:\Program Files\nodejs/node.exe" "C:\Program Files\nodejs/node_mo ...
+ ~~~~~~~~~~~~~~~~~~~~~~~~~~~~~~~~~~~~~~~~~~~~~~~~~~~~~~~~~~~~~~~~~~~~~
    + CategoryInfo          : NotSpecified: (Turbopack build encountered 1 warnin 
   gs::String) [], RemoteException
    + FullyQualifiedErrorId : NativeCommandError
 
./next.config.ts
Encountered unexpected file in NFT list
A file was traced that indicates that the whole project was traced 
unintentionally. Somewhere in the import trace below, there are:
- filesystem operations (like path.join, path.resolve or fs.readFile), or
- very dynamic requires (like require('./' + foo)).
To resolve this, you can
- remove them if possible, or
- only use them in development, or
- make sure they are statically scoped to some subfolder: 
path.join(process.cwd(), 'data', bar), or
- add ignore comments: path.join(/*turbopackIgnore: true*/ process.cwd(), bar)

Import trace:
  App Route:
    ./next.config.ts
    ./src/app/api/security/route.ts



> Build error occurred
Error: Turbopack build failed with 20 errors:
./src/app/security/fcl/page.tsx:4:1
Module not found: Can't resolve '@/hooks/use-supabase-user'
  [90m2 |[0m
  [90m3 |[0m [36mimport[0m [33mReact[0m, { useState, useEffect } 
[36mfrom[0m [32m'react'[0m;
[31m[1m>[0m [90m4 |[0m [36mimport[0m { useSupabaseUser } [36mfrom[0m 
[32m'@/hooks/use-supabase-user'[0m;
  [90m  |[0m 
[31m[1m^^^^^^^^^^^^^^^^^^^^^^^^^^^^^^^^^^^^^^^^^^^^^^^^^^^^^^^^^^^^[0m
  [90m5 |[0m [36mimport[0m { useRouter } [36mfrom[0m 
[32m'next/navigation'[0m;
  [90m6 |[0m [36mimport[0m { 
  [90m7 |[0m   [33mShield[0m,

Import map: aliased to relative './src/hooks/use-supabase-user' inside of 
[project]/


Import traces:
  App Route:
    ./src/app/security/fcl/page.tsx
    ./src/app/api/security/route.ts

  Client Component Browser:
    ./src/app/security/fcl/page.tsx [Client Component Browser]
    ./src/app/security/fcl/page.tsx [Server Component]

  Client Component SSR:
    ./src/app/security/fcl/page.tsx [Client Component SSR]
    ./src/app/security/fcl/page.tsx [Server Component]

https://nextjs.org/docs/messages/module-not-found


./src/app/security/forms/page.tsx:4:1
Module not found: Can't resolve '@/hooks/use-supabase-user'
  [90m2 |[0m
  [90m3 |[0m [36mimport[0m { useState, useCallback } [36mfrom[0m 
[32m'react'[0m;
[31m[1m>[0m [90m4 |[0m [36mimport[0m { useSupabaseUser } [36mfrom[0m 
[32m'@/hooks/use-supabase-user'[0m;
  [90m  |[0m 
[31m[1m^^^^^^^^^^^^^^^^^^^^^^^^^^^^^^^^^^^^^^^^^^^^^^^^^^^^^^^^^^^^[0m
  [90m5 |[0m [36mimport[0m { useRouter } [36mfrom[0m 
[32m'next/navigation'[0m;
  [90m6 |[0m [36mimport[0m { 
  [90m7 |[0m   [33mFileText[0m,

Import map: aliased to relative './src/hooks/use-supabase-user' inside of 
[project]/


Import traces:
  App Route:
    ./src/app/security/forms/page.tsx
    ./src/app/api/security/route.ts

  Client Component Browser:
    ./src/app/security/forms/page.tsx [Client Component Browser]
    ./src/app/security/forms/page.tsx [Server Component]

  Client Component SSR:
    ./src/app/security/forms/page.tsx [Client Component SSR]
    ./src/app/security/forms/page.tsx [Server Component]

https://nextjs.org/docs/messages/module-not-found


./src/contexts/auth-context.tsx:5:1
Module not found: Can't resolve '@/lib/supabase/client'
  [90m3 |[0m [36mimport[0m [36mtype[0m [33mReact[0m [36mfrom[0m 
[32m"react"[0m
  [90m4 |[0m [36mimport[0m { createContext, useContext, useEffect, useState, 
useCallback, useMemo } [36mfrom[0m [32m"react"[0m
[31m[1m>[0m [90m5 |[0m [36mimport[0m { createClient } [36mfrom[0m 
[32m"@/lib/supabase/client"[0m
  [90m  |[0m [31m[1m^^^^^^^^^^^^^^^^^^^^^^^^^^^^^^^^^^^^^^^^^^^^^^^^^^^^[0m
  [90m6 |[0m [36mimport[0m [36mtype[0m { [33mUser[0m [36mas[0m 
[33mSupabaseUser[0m, [33mSession[0m } [36mfrom[0m 
[32m"@supabase/supabase-js"[0m
  [90m7 |[0m
  [90m8 |[0m [36mexport[0m [36minterface[0m [33mUser[0m {

Import map: aliased to relative './src/lib/supabase/client' inside of [project]/


Import traces:
  App Route:
    ./src/contexts/auth-context.tsx
    ./src/app/api/security/route.ts

  Client Component Browser:
    ./src/contexts/auth-context.tsx [Client Component Browser]
    ./src/app/security/layout.tsx [Client Component Browser]
    ./src/app/security/layout.tsx [Server Component]

  Client Component SSR:
    ./src/contexts/auth-context.tsx [Client Component SSR]
    ./src/app/security/layout.tsx [Client Component SSR]
    ./src/app/security/layout.tsx [Server Component]

https://nextjs.org/docs/messages/module-not-found


./src/app/api/security/documents/route.ts:12:1
Module not found: Can't resolve '@/lib/supabase/server'
  [90m10 |[0m
  [90m11 |[0m [36mimport[0m { [33mNextRequest[0m, [33mNextResponse[0m } 
[36mfrom[0m [32m'next/server'[0m
[31m[1m>[0m [90m12 |[0m [36mimport[0m { createClient } [36mfrom[0m 
[32m'@/lib/supabase/server'[0m
  [90m   |[0m [31m[1m^^^^^^^^^^^^^^^^^^^^^^^^^^^^^^^^^^^^^^^^^^^^^^^^^^^^[0m
  [90m13 |[0m [36mimport[0m {
  [90m14 |[0m   generateAndSaveDocument,
  [90m15 |[0m   generateAllSSPs,

Import map: aliased to relative './src/lib/supabase/server' inside of [project]/


Import trace:
  App Route:
    ./src/app/api/security/documents/route.ts
    ./src/app/api/security/route.ts

https://nextjs.org/docs/messages/module-not-found


./src/app/api/security/exostar/route.ts:12:1
Module not found: Can't resolve '@/lib/supabase/server'
  [90m10 |[0m
  [90m11 |[0m [36mimport[0m { [33mNextRequest[0m, [33mNextResponse[0m } 
[36mfrom[0m [32m'next/server'[0m
[31m[1m>[0m [90m12 |[0m [36mimport[0m { createClient } [36mfrom[0m 
[32m'@/lib/supabase/server'[0m
  [90m   |[0m [31m[1m^^^^^^^^^^^^^^^^^^^^^^^^^^^^^^^^^^^^^^^^^^^^^^^^^^^^[0m
  [90m13 |[0m [36mimport[0m {
  [90m14 |[0m   saveExostarCredentials,
  [90m15 |[0m   getExostarIntegration,

Import map: aliased to relative './src/lib/supabase/server' inside of [project]/


Import trace:
  App Route:
    ./src/app/api/security/exostar/route.ts
    ./src/app/api/security/route.ts

https://nextjs.org/docs/messages/module-not-found


./src/lib/security/document-storage.ts:8:1
Module not found: Can't resolve '@/lib/supabase/server'
  [90m 6 |[0m [90m */[0m
  [90m 7 |[0m
[31m[1m>[0m [90m 8 |[0m [36mimport[0m { createClient } [36mfrom[0m 
[32m'@/lib/supabase/server'[0m
  [90m   |[0m [31m[1m^^^^^^^^^^^^^^^^^^^^^^^^^^^^^^^^^^^^^^^^^^^^^^^^^^^^[0m
  [90m 9 |[0m [36mimport[0m { 
  [90m10 |[0m   generateDefaultSSP, 
  [90m11 |[0m   generateSSPHTML,

Import map: aliased to relative './src/lib/supabase/server' inside of [project]/


Import traces:
  #1 [App Route]:
    ./src/lib/security/document-storage.ts
    ./src/app/api/security/route.ts

  #2 [App Route]:
    ./src/lib/security/document-storage.ts
    ./src/app/api/security/documents/route.ts

https://nextjs.org/docs/messages/module-not-found


./src/lib/security/exostar-client.ts:10:1
Module not found: Can't resolve '@/lib/supabase/server'
  [90m 8 |[0m [90m */[0m
  [90m 9 |[0m
[31m[1m>[0m [90m10 |[0m [36mimport[0m { createClient } [36mfrom[0m 
[32m'@/lib/supabase/server'[0m
  [90m   |[0m [31m[1m^^^^^^^^^^^^^^^^^^^^^^^^^^^^^^^^^^^^^^^^^^^^^^^^^^^^[0m
  [90m11 |[0m [36mimport[0m crypto [36mfrom[0m [32m'crypto'[0m
  [90m12 |[0m
  [90m13 |[0m [90m// ΓòÉΓòÉΓòÉΓòÉΓòÉΓòÉΓòÉΓòÉΓòÉΓòÉΓòÉΓòÉΓòÉΓòÉΓòÉΓòÉΓòÉΓòÉΓòÉΓ
òÉΓòÉΓòÉΓòÉΓòÉΓòÉΓòÉΓòÉΓòÉΓòÉΓòÉ[0mΓòÉΓòÉΓòÉΓòÉΓòÉΓòÉΓòÉΓòÉΓòÉΓòÉΓòÉΓòÉΓòÉΓòÉΓòÉΓ
òÉΓòÉΓòÉΓòÉΓòÉΓòÉΓòÉΓòÉΓòÉΓòÉΓòÉΓòÉΓòÉΓòÉΓòÉΓòÉΓòÉΓòÉ

Import map: aliased to relative './src/lib/supabase/server' inside of [project]/


Import traces:
  #1 [App Route]:
    ./src/lib/security/exostar-client.ts
    ./src/app/api/security/route.ts

  #2 [App Route]:
    ./src/lib/security/exostar-client.ts
    ./src/app/api/security/exostar/route.ts

https://nextjs.org/docs/messages/module-not-found


./src/components/ui/avatar.tsx:4:1
Module not found: Can't resolve '@radix-ui/react-avatar'
  [90m2 |[0m
  [90m3 |[0m [36mimport[0m * [36mas[0m [33mReact[0m [36mfrom[0m 
[32m'react'[0m
[31m[1m>[0m [90m4 |[0m [36mimport[0m * [36mas[0m 
[33mAvatarPrimitive[0m [36mfrom[0m [32m'@radix-ui/react-avatar'[0m
  [90m  |[0m 
[31m[1m^^^^^^^^^^^^^^^^^^^^^^^^^^^^^^^^^^^^^^^^^^^^^^^^^^^^^^^^^[0m
  [90m5 |[0m
  [90m6 |[0m [36mimport[0m { cn } [36mfrom[0m [32m'@/lib/utils'[0m
  [90m7 |[0m



Import traces:
  App Route:
    ./src/components/ui/avatar.tsx
    ./src/app/api/security/route.ts

  Client Component Browser:
    ./src/components/ui/avatar.tsx [Client Component Browser]
    ./src/app/security/layout.tsx [Client Component Browser]
    ./src/app/security/layout.tsx [Server Component]

  Client Component SSR:
    ./src/components/ui/avatar.tsx [Client Component SSR]
    ./src/app/security/layout.tsx [Client Component SSR]
    ./src/app/security/layout.tsx [Server Component]

https://nextjs.org/docs/messages/module-not-found


./src/components/ui/dialog.tsx:4:1
Module not found: Can't resolve '@radix-ui/react-dialog'
  [90m2 |[0m
  [90m3 |[0m [36mimport[0m * [36mas[0m [33mReact[0m [36mfrom[0m 
[32m"react"[0m
[31m[1m>[0m [90m4 |[0m [36mimport[0m * [36mas[0m 
[33mDialogPrimitive[0m [36mfrom[0m [32m"@radix-ui/react-dialog"[0m
  [90m  |[0m 
[31m[1m^^^^^^^^^^^^^^^^^^^^^^^^^^^^^^^^^^^^^^^^^^^^^^^^^^^^^^^^^[0m
  [90m5 |[0m [36mimport[0m { [33mX[0m } [36mfrom[0m 
[32m"lucide-react"[0m
  [90m6 |[0m
  [90m7 |[0m [36mimport[0m { cn } [36mfrom[0m [32m"@/lib/utils"[0m



Import traces:
  App Route:
    ./src/components/ui/dialog.tsx
    ./src/app/api/security/route.ts

  Client Component Browser:
    ./src/components/ui/dialog.tsx [Client Component Browser]
    ./src/app/security/fcl/page.tsx [Client Component Browser]
    ./src/app/security/fcl/page.tsx [Server Component]

  Client Component SSR:
    ./src/components/ui/dialog.tsx [Client Component SSR]
    ./src/app/security/fcl/page.tsx [Client Component SSR]
    ./src/app/security/fcl/page.tsx [Server Component]

https://nextjs.org/docs/messages/module-not-found


./src/components/ui/label.tsx:4:1
Module not found: Can't resolve '@radix-ui/react-label'
  [90m2 |[0m
  [90m3 |[0m [36mimport[0m * [36mas[0m [33mReact[0m [36mfrom[0m 
[32m'react'[0m
[31m[1m>[0m [90m4 |[0m [36mimport[0m * [36mas[0m [33mLabelPrimitive[0m 
[36mfrom[0m [32m'@radix-ui/react-label'[0m
  [90m  |[0m 
[31m[1m^^^^^^^^^^^^^^^^^^^^^^^^^^^^^^^^^^^^^^^^^^^^^^^^^^^^^^^[0m
  [90m5 |[0m
  [90m6 |[0m [36mimport[0m { cn } [36mfrom[0m [32m'@/lib/utils'[0m
  [90m7 |[0m



Import traces:
  App Route:
    ./src/components/ui/label.tsx
    ./src/app/api/security/route.ts

  Client Component Browser:
    ./src/components/ui/label.tsx [Client Component Browser]
    ./src/app/security/fcl/page.tsx [Client Component Browser]
    ./src/app/security/fcl/page.tsx [Server Component]

  Client Component SSR:
    ./src/components/ui/label.tsx [Client Component SSR]
    ./src/app/security/fcl/page.tsx [Client Component SSR]
    ./src/app/security/fcl/page.tsx [Server Component]

https://nextjs.org/docs/messages/module-not-found


./src/components/ui/select.tsx:4:1
Module not found: Can't resolve '@radix-ui/react-select'
  [90m2 |[0m
  [90m3 |[0m [36mimport[0m * [36mas[0m [33mReact[0m [36mfrom[0m 
[32m'react'[0m
[31m[1m>[0m [90m4 |[0m [36mimport[0m * [36mas[0m 
[33mSelectPrimitive[0m [36mfrom[0m [32m'@radix-ui/react-select'[0m
  [90m  |[0m 
[31m[1m^^^^^^^^^^^^^^^^^^^^^^^^^^^^^^^^^^^^^^^^^^^^^^^^^^^^^^^^^[0m
  [90m5 |[0m [36mimport[0m { [33mCheckIcon[0m, [33mChevronDownIcon[0m, 
[33mChevronUpIcon[0m } [36mfrom[0m [32m'lucide-react'[0m
  [90m6 |[0m
  [90m7 |[0m [36mimport[0m { cn } [36mfrom[0m [32m'@/lib/utils'[0m



Import traces:
  App Route:
    ./src/components/ui/select.tsx
    ./src/app/api/security/route.ts

  Client Component Browser:
    ./src/components/ui/select.tsx [Client Component Browser]
    ./src/app/security/fcl/page.tsx [Client Component Browser]
    ./src/app/security/fcl/page.tsx [Server Component]

  Client Component SSR:
    ./src/components/ui/select.tsx [Client Component SSR]
    ./src/app/security/fcl/page.tsx [Client Component SSR]
    ./src/app/security/fcl/page.tsx [Server Component]

https://nextjs.org/docs/messages/module-not-found


./src/lib/security/database.ts:7:1
Module not found: Can't resolve '@supabase/ssr'
  [90m 5 |[0m [90m */[0m
  [90m 6 |[0m
[31m[1m>[0m [90m 7 |[0m [36mimport[0m { createServerClient } [36mfrom[0m 
[32m'@supabase/ssr'[0m;
  [90m   |[0m [31m[1m^^^^^^^^^^^^^^^^^^^^^^^^^^^^^^^^^^^^^^^^^^^^^^^^^^^[0m
  [90m 8 |[0m [36mimport[0m { cookies } [36mfrom[0m [32m'next/headers'[0m;
  [90m 9 |[0m
  [90m10 |[0m [90m// ΓòÉΓòÉΓòÉΓòÉΓòÉΓòÉΓòÉΓòÉΓòÉΓòÉΓòÉΓòÉΓòÉΓòÉΓòÉΓòÉΓòÉΓòÉΓòÉΓ
òÉΓòÉΓòÉΓòÉΓòÉΓòÉΓòÉΓòÉΓòÉΓòÉΓòÉ[0mΓòÉΓòÉΓòÉΓòÉΓòÉΓòÉΓòÉΓòÉΓòÉΓòÉΓòÉΓòÉΓòÉΓòÉΓòÉΓ
òÉΓòÉΓòÉΓòÉΓòÉΓòÉΓòÉΓòÉΓòÉΓòÉΓòÉΓòÉΓòÉΓòÉΓòÉΓòÉΓòÉΓòÉ



Import traces:
  #1 [App Route]:
    ./src/lib/security/database.ts
    ./src/app/api/security/route.ts

  #2 [App Route]:
    ./src/lib/security/database.ts
    ./src/app/api/security/route.ts

  #3 [App Route]:
    ./src/lib/security/database.ts
    ./src/lib/security/agent-incident-reporter.ts
    ./src/app/api/security/incidents/test/route.ts

https://nextjs.org/docs/messages/module-not-found


./src/app/api/security/agents/route.ts:15:1
Module not found: Can't resolve '@supabase/supabase-js'
  [90m13 |[0m [36mimport[0m { [33mNextRequest[0m, [33mNextResponse[0m } 
[36mfrom[0m [32m'next/server'[0m;
  [90m14 |[0m [36mimport[0m { requireAdmin } [36mfrom[0m 
[32m"@/lib/auth/api-auth"[0m;
[31m[1m>[0m [90m15 |[0m [36mimport[0m { createClient } [36mfrom[0m 
[32m'@supabase/supabase-js'[0m;
  [90m   |[0m [31m[1m^^^^^^^^^^^^^^^^^^^^^^^^^^^^^^^^^^^^^^^^^^^^^^^^^^^^^[0m
  [90m16 |[0m [36mimport[0m { resolveIncident, resolvePendingIncidents } 
[36mfrom[0m [32m'@/lib/security/agents/resolution...[0m
  [90m17 |[0m [36mimport[0m { generatePredictionsForIncident, 
savePredictions, logAgentRun } [36mfrom[0m [32m'@/lib/securi...[0m
  [90m18 |[0m



Import trace:
  App Route:
    ./src/app/api/security/agents/route.ts
    ./src/app/api/security/route.ts

https://nextjs.org/docs/messages/module-not-found


./src/app/api/security/chain-repair/route.ts:15:1
Module not found: Can't resolve '@supabase/supabase-js'
  [90m13 |[0m
  [90m14 |[0m [36mimport[0m { [33mNextRequest[0m, [33mNextResponse[0m } 
[36mfrom[0m [32m'next/server'[0m;
[31m[1m>[0m [90m15 |[0m [36mimport[0m { createClient } [36mfrom[0m 
[32m'@supabase/supabase-js'[0m;
  [90m   |[0m [31m[1m^^^^^^^^^^^^^^^^^^^^^^^^^^^^^^^^^^^^^^^^^^^^^^^^^^^^^[0m
  [90m16 |[0m [36mimport[0m crypto [36mfrom[0m [32m'crypto'[0m;
  [90m17 |[0m
  [90m18 |[0m [36mexport[0m [36mconst[0m dynamic = [32m'force-dynamic'[0m;



Import trace:
  App Route:
    ./src/app/api/security/chain-repair/route.ts
    ./src/app/api/security/route.ts

https://nextjs.org/docs/messages/module-not-found


./src/app/api/security/fcl/route.ts:12:1
Module not found: Can't resolve '@supabase/supabase-js'
  [90m10 |[0m
  [90m11 |[0m [36mimport[0m { [33mNextRequest[0m, [33mNextResponse[0m } 
[36mfrom[0m [32m'next/server'[0m;
[31m[1m>[0m [90m12 |[0m [36mimport[0m { createClient } [36mfrom[0m 
[32m'@supabase/supabase-js'[0m;
  [90m   |[0m [31m[1m^^^^^^^^^^^^^^^^^^^^^^^^^^^^^^^^^^^^^^^^^^^^^^^^^^^^^[0m
  [90m13 |[0m
  [90m14 |[0m [36mconst[0m supabaseUrl = 
process.env.[33mNEXT_PUBLIC_SUPABASE_URL[0m || [32m''[0m;
  [90m15 |[0m [36mconst[0m supabaseKey = 
process.env.[33mSUPABASE_SERVICE_ROLE_KEY[0m || 
process.env.[33mNEXT_PUBLIC_SUPAB...[0m



Import trace:
  App Route:
    ./src/app/api/security/fcl/route.ts
    ./src/app/api/security/route.ts

https://nextjs.org/docs/messages/module-not-found


./src/app/api/security/incidents/causality/route.ts:13:1
Module not found: Can't resolve '@supabase/supabase-js'
  [90m11 |[0m
  [90m12 |[0m [36mimport[0m { [33mNextRequest[0m, [33mNextResponse[0m } 
[36mfrom[0m [32m'next/server'[0m;
[31m[1m>[0m [90m13 |[0m [36mimport[0m { createClient } [36mfrom[0m 
[32m'@supabase/supabase-js'[0m;
  [90m   |[0m [31m[1m^^^^^^^^^^^^^^^^^^^^^^^^^^^^^^^^^^^^^^^^^^^^^^^^^^^^^[0m
  [90m14 |[0m [36mimport[0m {
  [90m15 |[0m   generatePredictionsForIncident,
  [90m16 |[0m   savePredictions,



Import trace:
  App Route:
    ./src/app/api/security/incidents/causality/route.ts
    ./src/app/api/security/route.ts

https://nextjs.org/docs/messages/module-not-found


./src/app/api/security/incidents/test/route.ts:13:1
Module not found: Can't resolve '@supabase/supabase-js'
  [90m11 |[0m
  [90m12 |[0m [36mimport[0m { [33mNextRequest[0m, [33mNextResponse[0m } 
[36mfrom[0m [32m'next/server'[0m;
[31m[1m>[0m [90m13 |[0m [36mimport[0m { createClient } [36mfrom[0m 
[32m'@supabase/supabase-js'[0m;
  [90m   |[0m [31m[1m^^^^^^^^^^^^^^^^^^^^^^^^^^^^^^^^^^^^^^^^^^^^^^^^^^^^^[0m
  [90m14 |[0m [36mimport[0m { 
  [90m15 |[0m   initializeSecurityAgents, 
  [90m16 |[0m } [36mfrom[0m [32m'@/lib/security/agent-incident-reporter'[0m;



Import trace:
  App Route:
    ./src/app/api/security/incidents/test/route.ts
    ./src/app/api/security/route.ts

https://nextjs.org/docs/messages/module-not-found


./src/app/api/security/tests/route.ts:12:1
Module not found: Can't resolve '@supabase/supabase-js'
  [90m10 |[0m
  [90m11 |[0m [36mimport[0m { [33mNextRequest[0m, [33mNextResponse[0m } 
[36mfrom[0m [32m'next/server'[0m;
[31m[1m>[0m [90m12 |[0m [36mimport[0m { createClient } [36mfrom[0m 
[32m'@supabase/supabase-js'[0m;
  [90m   |[0m [31m[1m^^^^^^^^^^^^^^^^^^^^^^^^^^^^^^^^^^^^^^^^^^^^^^^^^^^^^[0m
  [90m13 |[0m [36mimport[0m crypto [36mfrom[0m [32m'crypto'[0m;
  [90m14 |[0m
  [90m15 |[0m [36mexport[0m [36mconst[0m dynamic = [32m'force-dynamic'[0m;



Import trace:
  App Route:
    ./src/app/api/security/tests/route.ts
    ./src/app/api/security/route.ts

https://nextjs.org/docs/messages/module-not-found


./src/lib/security/agents/prediction-agent.ts:11:1
Module not found: Can't resolve '@supabase/supabase-js'
  [90m 9 |[0m [90m */[0m
  [90m10 |[0m
[31m[1m>[0m [90m11 |[0m [36mimport[0m { createClient } [36mfrom[0m 
[32m'@supabase/supabase-js'[0m;
  [90m   |[0m [31m[1m^^^^^^^^^^^^^^^^^^^^^^^^^^^^^^^^^^^^^^^^^^^^^^^^^^^^^[0m
  [90m12 |[0m
  [90m13 |[0m [90m// ΓòÉΓòÉΓòÉΓòÉΓòÉΓòÉΓòÉΓòÉΓòÉΓòÉΓòÉΓòÉΓòÉΓòÉΓòÉΓòÉΓòÉΓòÉΓòÉΓ
òÉΓòÉΓòÉΓòÉΓòÉΓòÉΓòÉΓòÉΓòÉΓòÉΓòÉΓòÉΓòÉΓòÉΓòÉΓòÉΓòÉΓòÉΓòÉΓòÉΓòÉΓòÉΓòÉΓòÉΓòÉΓòÉΓòÉΓò
ÉΓòÉΓòÉΓòÉΓòÉΓòÉΓòÉΓòÉΓòÉΓòÉΓòÉΓòÉΓòÉΓòÉΓòÉΓòÉΓòÉ[0m
  [90m14 |[0m [90m// TYPES[0m



Import traces:
  #1 [App Route]:
    ./src/lib/security/agents/prediction-agent.ts
    ./src/app/api/security/route.ts

  #2 [App Route]:
    ./src/lib/security/agents/prediction-agent.ts
    ./src/app/api/security/incidents/causality/route.ts

https://nextjs.org/docs/messages/module-not-found


./src/lib/security/agents/resolution-agent.ts:11:1
Module not found: Can't resolve '@supabase/supabase-js'
  [90m 9 |[0m [90m */[0m
  [90m10 |[0m
[31m[1m>[0m [90m11 |[0m [36mimport[0m { createClient } [36mfrom[0m 
[32m'@supabase/supabase-js'[0m;
  [90m   |[0m [31m[1m^^^^^^^^^^^^^^^^^^^^^^^^^^^^^^^^^^^^^^^^^^^^^^^^^^^^^[0m
  [90m12 |[0m [36mimport[0m {
  [90m13 |[0m   generatePredictionsForIncident,
  [90m14 |[0m   savePredictions,



Import traces:
  #1 [App Route]:
    ./src/lib/security/agents/resolution-agent.ts
    ./src/app/api/security/route.ts

  #2 [App Route]:
    ./src/lib/security/agents/resolution-agent.ts
    ./src/app/api/security/agents/route.ts

https://nextjs.org/docs/messages/module-not-found


    at <unknown> (./src/app/security/fcl/page.tsx:4:1)
    at <unknown> (https://nextjs.org/docs/messages/module-not-found)
    at <unknown> (./src/app/security/forms/page.tsx:4:1)
    at <unknown> (https://nextjs.org/docs/messages/module-not-found)
    at <unknown> (./src/contexts/auth-context.tsx:5:1)
    at <unknown> (https://nextjs.org/docs/messages/module-not-found)
    at <unknown> (./src/app/api/security/documents/route.ts:12:1)
    at <unknown> (https://nextjs.org/docs/messages/module-not-found)
    at <unknown> (./src/app/api/security/exostar/route.ts:12:1)
    at <unknown> (https://nextjs.org/docs/messages/module-not-found)
    at <unknown> (./src/lib/security/document-storage.ts:8:1)
    at <unknown> (https://nextjs.org/docs/messages/module-not-found)
    at <unknown> (./src/lib/security/exostar-client.ts:10:1)
    at <unknown> (https://nextjs.org/docs/messages/module-not-found)
    at <unknown> (./src/components/ui/avatar.tsx:4:1)
    at <unknown> (https://nextjs.org/docs/messages/module-not-found)
    at <unknown> (./src/components/ui/dialog.tsx:4:1)
    at <unknown> (https://nextjs.org/docs/messages/module-not-found)
    at <unknown> (./src/components/ui/label.tsx:4:1)
    at <unknown> (https://nextjs.org/docs/messages/module-not-found)
    at <unknown> (./src/components/ui/select.tsx:4:1)
    at <unknown> (https://nextjs.org/docs/messages/module-not-found)
    at <unknown> (./src/lib/security/database.ts:7:1)
    at <unknown> (https://nextjs.org/docs/messages/module-not-found)
    at <unknown> (./src/app/api/security/agents/route.ts:15:1)
    at <unknown> (https://nextjs.org/docs/messages/module-not-found)
    at <unknown> (./src/app/api/security/chain-repair/route.ts:15:1)
    at <unknown> (https://nextjs.org/docs/messages/module-not-found)
    at <unknown> (./src/app/api/security/fcl/route.ts:12:1)
    at <unknown> (https://nextjs.org/docs/messages/module-not-found)
    at <unknown> (./src/app/api/security/incidents/causality/route.ts:13:1)
    at <unknown> (https://nextjs.org/docs/messages/module-not-found)
    at <unknown> (./src/app/api/security/incidents/test/route.ts:13:1)
    at <unknown> (https://nextjs.org/docs/messages/module-not-found)
    at <unknown> (./src/app/api/security/tests/route.ts:12:1)
    at <unknown> (https://nextjs.org/docs/messages/module-not-found)
    at <unknown> (./src/lib/security/agents/prediction-agent.ts:11:1)
    at <unknown> (https://nextjs.org/docs/messages/module-not-found)
    at <unknown> (./src/lib/security/agents/resolution-agent.ts:11:1)
    at <unknown> (https://nextjs.org/docs/messages/module-not-found)
